[0928/161225:ERROR:backend_impl.cc(2020)] Corrupt Index file
[0928/161225:ERROR:cache_util_win.cc(20)] Unable to move the cache: 5
[0928/161225:ERROR:cache_util.cc(134)] Unable to move cache folder C:\ProgramData\Altium\Altium Designer {A5BA0F79-ED73-40E0-A6E1-7E58B1C3DD8C}\BrowserCache to C:\ProgramData\Altium\Altium Designer {A5BA0F79-ED73-40E0-A6E1-7E58B1C3DD8C}\old_BrowserCache_000
[0928/161225:ERROR:cache_creator.cc(129)] Unable to create cache
[0928/161226:INFO:CONSOLE(0)] "The source list for Content Security Policy directive 'script-src' contains an invalid source: ''report-sample''. It will be ignored.", source: https://www.altium.com/ (0)
[0928/161226:INFO:CONSOLE(0)] "Unrecognized Content-Security-Policy directive 'worker-src'.
", source: https://www.altium.com/ (0)
[0928/161226:INFO:CONSOLE(0)] "Synchronous XMLHttpRequest on the main thread is deprecated because of its detrimental effects to the end user's experience. For more help, check https://xhr.spec.whatwg.org/.", source:  (0)
[0928/161226:INFO:CONSOLE(0)] "Setting 'XMLHttpRequest.withCredentials' for synchronous requests is deprecated.", source:  (0)
[0928/161226:INFO:CONSOLE(242)] "Uncaught SyntaxError: Unexpected token {", source: https://www.altium.com/ (242)
[0928/161226:INFO:CONSOLE(280)] "Uncaught TypeError: Cannot read property 'utility' of undefined", source: https://www.altium.com/ (280)
[0928/161226:INFO:CONSOLE(1)] "Uncaught SyntaxError: Unexpected token ...", source: https://cdn-shared.altium.com/production/dams/dams.min.js (1)
[0928/161227:INFO:CONSOLE(12)] "Uncaught SyntaxError: Unexpected token .", source: https://www.altium.com/sites/default/assets/js/js_5dqOLlUoAkhk-NFZE_r6l-lgOeWdh_CAI6AB2LGNgQo.js?scope=footer&delta=0&language=en&theme=altium_designer_new&include=eJx1jmuOwyAMhC-0hCMhB8yjBYxsp1Vuv4-GKNqqPywPM5-xIQQl6LuFQyyRqesXVC1bc_5mX8r42-ltotRs4BLV-Az6L0iVVqhGMzY0pUeaeUApqSO7js9Jie619HQiIvan5vMFOUFgn-clc_LPnGSlRO5ZQkI9vr5ay2AKE23Ad1SyRzeRuJ0bOzxKAi3U3VrJ38VGIkX-nGeEcMlXGfaipy8ZGIP9vWOBWt2AhOdS2QayeC5D7bs1qQdwASW2nrauvH8DKKuvrg (12)
[0928/161227:INFO:CONSOLE(2)] "Uncaught ReferenceError: Drupal is not defined", source: https://www.altium.com/sites/default/assets/js/js_of3MLlcXi05KmIHSXaEn1-weMpY1PEdzrv3cF6-5xY0.js?scope=footer&delta=2&language=en&theme=altium_designer_new&include=eJx1jmuOwyAMhC-0hCMhB8yjBYxsp1Vuv4-GKNqqPywPM5-xIQQl6LuFQyyRqesXVC1bc_5mX8r42-ltotRs4BLV-Az6L0iVVqhGMzY0pUeaeUApqSO7js9Jie619HQiIvan5vMFOUFgn-clc_LPnGSlRO5ZQkI9vr5ay2AKE23Ad1SyRzeRuJ0bOzxKAi3U3VrJ38VGIkX-nGeEcMlXGfaipy8ZGIP9vWOBWt2AhOdS2QayeC5D7bs1qQdwASW2nrauvH8DKKuvrg (2)
[0928/161227:INFO:CONSOLE(3)] "Uncaught SyntaxError: Unexpected token .", source: https://cdn-shared.altium.com/production/drift/driftChat.js (3)
[0928/161227:INFO:CONSOLE(10)] "Uncaught SyntaxError: Unexpected token .", source: https://www.altium.com/sites/default/assets/js/js_8OkcsOv8aY-2dPrHq8JU7_47FOeEos4kw56oh3gkN4A.js?scope=footer&delta=4&language=en&theme=altium_designer_new&include=eJx1jmuOwyAMhC-0hCMhB8yjBYxsp1Vuv4-GKNqqPywPM5-xIQQl6LuFQyyRqesXVC1bc_5mX8r42-ltotRs4BLV-Az6L0iVVqhGMzY0pUeaeUApqSO7js9Jie619HQiIvan5vMFOUFgn-clc_LPnGSlRO5ZQkI9vr5ay2AKE23Ad1SyRzeRuJ0bOzxKAi3U3VrJ38VGIkX-nGeEcMlXGfaipy8ZGIP9vWOBWt2AhOdS2QayeC5D7bs1qQdwASW2nrauvH8DKKuvrg (10)
[0928/161227:INFO:CONSOLE(1)] "Uncaught ReferenceError: jQuery is not defined", source: https://cdn-shared.altium.com/production/altium-all-pages/dist/components/bCountdown/bCountdown.min.js (1)
[0928/161227:INFO:CONSOLE(1)] "Uncaught ReferenceError: jQuery is not defined", source: https://cdn-shared.altium.com/production/wds/dist/components/wds-sticky/wds-sticky.min.js (1)
[0928/161227:INFO:CONSOLE(1)] "Uncaught ReferenceError: jQuery is not defined", source: https://cdn-shared.altium.com/production/wds/dist/components/wds-steps/wds-steps.min.js (1)
[0928/161227:INFO:CONSOLE(1)] "Uncaught ReferenceError: jQuery is not defined", source: https://cdn-shared.altium.com/production/wds/dist/components/wds-formV2/wds-formV2.min.js (1)
[0928/161227:INFO:CONSOLE(1)] "Uncaught ReferenceError: jQuery is not defined", source: https://cdn-shared.altium.com/development/altium-all-pages/dist/components/success-stories/success-stories.min.js (1)
[0928/161227:INFO:CONSOLE(362)] "q-start", source: https://www.altium.com/ (362)
[0928/161227:INFO:CONSOLE(154)] "Uncaught ReferenceError: globalThis is not defined", source: https://www.googletagmanager.com/gtm.js?id=GTM-5LFC7W (154)
[0928/161227:INFO:CONSOLE(1)] "Uncaught TypeError: Cannot read property 'fn' of undefined", source: https://cdn.files.altium.com/themes/master-1790270483/web/themes/custom/altium_designer_new/html/dist/vendor/owl-carousel/owl.carousel.min.js (1)
[0928/161227:INFO:CONSOLE(1)] "Uncaught Error: Bootstrap's JavaScript requires jQuery", source: https://cdn.files.altium.com/themes/master-1790270483/web/themes/custom/altium_designer_new/html/dist/vendor/bootstrap-modal/bootstrap-modal.min.js (1)
[0928/161227:INFO:CONSOLE(1)] "Uncaught ReferenceError: jQuery is not defined", source: https://cdn.files.altium.com/themes/master-1790270483/web/themes/custom/altium_designer_new/html/dist/vendor/countdown/jquery.countdown.min.js (1)
[0928/161227:INFO:CONSOLE(1)] "Uncaught ReferenceError: jQuery is not defined", source: https://cdn.files.altium.com/themes/master-1790270483/web/themes/custom/altium_designer_new/html/dist/js/main.min.js (1)
[0928/161227:INFO:CONSOLE(399)] "Uncaught SyntaxError: Unexpected token ...", source: https://cdn.files.altium.com/themes/master-1790270483/web/themes/custom/altium_designer_new/js/altium_func.js (399)
[0928/161227:INFO:CONSOLE(2)] "Uncaught ReferenceError: Drupal is not defined", source: https://www.altium.com/sites/default/assets/js/js_AANlpwsgV0MUpkoikm50jqMwJ7z9MfifiOLwsANDTiM.js?scope=footer&delta=26&language=en&theme=altium_designer_new&include=eJx1jmuOwyAMhC-0hCMhB8yjBYxsp1Vuv4-GKNqqPywPM5-xIQQl6LuFQyyRqesXVC1bc_5mX8r42-ltotRs4BLV-Az6L0iVVqhGMzY0pUeaeUApqSO7js9Jie619HQiIvan5vMFOUFgn-clc_LPnGSlRO5ZQkI9vr5ay2AKE23Ad1SyRzeRuJ0bOzxKAi3U3VrJ38VGIkX-nGeEcMlXGfaipy8ZGIP9vWOBWt2AhOdS2QayeC5D7bs1qQdwASW2nrauvH8DKKuvrg (2)
[0928/161227:INFO:CONSOLE(1)] "Uncaught ReferenceError: jQuery is not defined", source: https://cdn-shared.altium.com/production/altium-all-pages/dist/components/gCustomerLogo/gCustomerLogo.min.js (1)
[0928/161227:INFO:CONSOLE(2)] "Uncaught ReferenceError: jQuery is not defined", source: https://www.altium.com/sites/default/assets/js/js_BKEkg9lTpesUfxH1fc_Tsv69Yhw92TO1I8MDAxyZK24.js?scope=footer&delta=28&language=en&theme=altium_designer_new&include=eJx1jmuOwyAMhC-0hCMhB8yjBYxsp1Vuv4-GKNqqPywPM5-xIQQl6LuFQyyRqesXVC1bc_5mX8r42-ltotRs4BLV-Az6L0iVVqhGMzY0pUeaeUApqSO7js9Jie619HQiIvan5vMFOUFgn-clc_LPnGSlRO5ZQkI9vr5ay2AKE23Ad1SyRzeRuJ0bOzxKAi3U3VrJ38VGIkX-nGeEcMlXGfaipy8ZGIP9vWOBWt2AhOdS2QayeC5D7bs1qQdwASW2nrauvH8DKKuvrg (2)
[0928/161227:INFO:CONSOLE(1)] "Uncaught SyntaxError: Unexpected token =", source: https://cdn-shared.altium.com/production/navigation_new/app/dist_prod_server_html/footer.js (1)
[0928/161227:INFO:CONSOLE(1)] "Uncaught SyntaxError: Unexpected token ...", source: https://cdn-shared.altium.com/production/navigation_new/app/dist_prod_server_html/header.js (1)
[0928/161227:INFO:CONSOLE(2)] "Uncaught ReferenceError: Drupal is not defined", source: https://www.altium.com/sites/default/assets/js/js_uz9CsSDelZjNvzjGoEKJPINCjqSZl75yRwtpLDHQLWQ.js?scope=footer&delta=31&language=en&theme=altium_designer_new&include=eJx1jmuOwyAMhC-0hCMhB8yjBYxsp1Vuv4-GKNqqPywPM5-xIQQl6LuFQyyRqesXVC1bc_5mX8r42-ltotRs4BLV-Az6L0iVVqhGMzY0pUeaeUApqSO7js9Jie619HQiIvan5vMFOUFgn-clc_LPnGSlRO5ZQkI9vr5ay2AKE23Ad1SyRzeRuJ0bOzxKAi3U3VrJ38VGIkX-nGeEcMlXGfaipy8ZGIP9vWOBWt2AhOdS2QayeC5D7bs1qQdwASW2nrauvH8DKKuvrg (2)
[0928/161227:INFO:CONSOLE(2)] "Uncaught ReferenceError: jQuery is not defined", source: https://www.altium.com/sites/default/assets/js/js_N-qS8gKoT-MDUroqWf721fdACK5RxdxCqasJ1mW4OIo.js?scope=footer&delta=33&language=en&theme=altium_designer_new&include=eJx1jmuOwyAMhC-0hCMhB8yjBYxsp1Vuv4-GKNqqPywPM5-xIQQl6LuFQyyRqesXVC1bc_5mX8r42-ltotRs4BLV-Az6L0iVVqhGMzY0pUeaeUApqSO7js9Jie619HQiIvan5vMFOUFgn-clc_LPnGSlRO5ZQkI9vr5ay2AKE23Ad1SyRzeRuJ0bOzxKAi3U3VrJ38VGIkX-nGeEcMlXGfaipy8ZGIP9vWOBWt2AhOdS2QayeC5D7bs1qQdwASW2nrauvH8DKKuvrg (2)
[0928/161227:INFO:CONSOLE(0)] "The source list for Content Security Policy directive 'script-src' contains an invalid source: ''report-sample''. It will be ignored.", source: about:blank (0)
[0928/161227:INFO:CONSOLE(0)] "Unrecognized Content-Security-Policy directive 'worker-src'.
", source: about:blank (0)
[0928/161227:INFO:CONSOLE(144)] "Attempting to initialize MktoForms2 (attempt 1/5)", source: https://www.altium.com/ (144)
[0928/161227:INFO:CONSOLE(159)] "Loading MktoForms2 script", source: https://www.altium.com/ (159)
[0928/161227:INFO:CONSOLE(453)] "Uncaught TypeError: window.GCustomerLogo is not a constructor", source: https://www.altium.com/ (453)
[0928/161227:INFO:CONSOLE(460)] "Uncaught TypeError: window.DriftChat is not a constructor", source: https://www.altium.com/ (460)
[0928/161227:INFO:CONSOLE(464)] "Uncaught TypeError: window.DriftChat is not a constructor", source: https://www.altium.com/ (464)
[0928/161227:INFO:CONSOLE(4)] "Uncaught SyntaxError: Unexpected token ...", source: https://js.qualified.com/qualified.js?token=9Ye7VbKcmoDFGWrj (4)
[0928/161227:INFO:CONSOLE(168)] "Uncaught TypeError: target.closest(...).after is not a function", source: https://cdn-shared.altium.com/production/onetrust/onetrust.js (168)
[0928/161227:INFO:CONSOLE(7)] "Uncaught (in promise) TypeError: Object.entries is not a function", source: https://cdn.cookielaw.org/scripttemplates/202606.2.0/otBannerSdk.js (7)
[0928/161228:INFO:CONSOLE(144)] "Attempting to initialize MktoForms2 (attempt 2/5)", source: https://www.altium.com/ (144)
[0928/161228:INFO:CONSOLE(146)] "MktoForms2 found, registering form handler", source: https://www.altium.com/ (146)
[0928/161228:INFO:CONSOLE(149)] "Registering onFormRender handler for dynamically added forms", source: https://www.altium.com/ (149)
[0928/161241:INFO:CONSOLE(175)] "Timeout reached waiting for MktoForms2", source: https://www.altium.com/ (175)
